// Jest Snapshot v1, https://goo.gl/fbAQLP

exports[`Button should match snapshot 1`] = `
<div
  aria-label="navigation-button"
  className="nav-button button-selected"
  onClick={[Function]}
>
  <h3
    className="nav-button-text"
    data-text="people"
  >
    people
  </h3>
</div>
`;
