// Jest Snapshot v1, https://goo.gl/fbAQLP

exports[`Header should match snapshot 1`] = `
<header>
  <div
    className="favorites"
  >
    <h3>
      Favorites
    </h3>
    <div
      className="favorites-box"
    >
      <p>
        3
      </p>
    </div>
  </div>
</header>
`;
