// Jest Snapshot v1, https://goo.gl/fbAQLP

exports[`App should match snapshot 1`] = `
<div
  className="App"
>
  <div
    aria-label="navigation-section-wrapper"
    className="button-section"
  >
    <header>
      <Hamburger
        hamburgerChange={[Function]}
        status={
          Object {
            "bottomBladeToggled": "",
            "bottomToggled": "",
            "gripToggled": "",
            "middleBladeToggled": "",
            "middleToggled": "",
            "status": "closed",
            "topBladeToggled": "",
            "topToggled": "",
          }
        }
      />
      <section
        aria-label="mobile-navigation-section"
        className="modal-wrapper"
      >
        <ModalButtons
          currentSelection=""
          hamburger={
            Object {
              "bottomBladeToggled": "",
              "bottomToggled": "",
              "gripToggled": "",
              "middleBladeToggled": "",
              "middleToggled": "",
              "status": "closed",
              "topBladeToggled": "",
              "topToggled": "",
            }
          }
          handleSelection={[Function]}
        />
      </section>
      <h4
        className="please-login "
      >
        Please login to access the archives
      </h4>
      <section
        aria-label="navigation"
        className="button-wrapper hide-buttons"
      >
        <NavLink
          activeClassName="active"
          aria-current="page"
          className="nav-button people"
          to="/people"
        >
          <Button
            buttonName="people"
            currentSelection=""
            handleSelection={[Function]}
          />
        </NavLink>
        <NavLink
          activeClassName="active"
          aria-current="page"
          className="nav-button planets"
          to="/planets"
        >
          <Button
            buttonName="planets"
            currentSelection=""
            handleSelection={[Function]}
          />
        </NavLink>
        <NavLink
          activeClassName="active"
          aria-current="page"
          className="nav-button vehicles"
          to="/vehicles"
        >
          <Button
            buttonName="vehicles"
            currentSelection=""
            handleSelection={[Function]}
          />
        </NavLink>
        <NavLink
          activeClassName="active"
          aria-current="page"
          className="nav-button favorites"
          to="/favorites"
        >
          <Button
            buttonName="saved"
            currentSelection=""
            handleSelection={[Function]}
          />
        </NavLink>
      </section>
    </header>
  </div>
  <Switch>
    <Route
      exact={true}
      path="/"
      render={[Function]}
    />
    <Route
      exact={true}
      path="/people"
      render={[Function]}
    />
    <Route
      exact={true}
      path="/planets"
      render={[Function]}
    />
    <Route
      exact={true}
      path="/vehicles"
      render={[Function]}
    />
    <Route
      exact={true}
      path="/favorites"
      render={[Function]}
    />
  </Switch>
</div>
`;
